[www.cdc.gov/ncezid/index.html]
[backblue.gif]
[fade.gif]
[index.html]
[www.cdc.gov/ncezid/index-2.html]
[www.cdc.gov/ncezid/es/index.html]
[www.cdc.gov/ncezid/whats-new/index.html]
[www.cdc.gov/ncezid/who-we-are/social-media.html]
[www.cdc.gov/ncezid/what-we-do/recent-work.html]
[www.cdc.gov/ncezid/what-we-do/ncezid-publications.html]
[www.cdc.gov/ncezid/whats-new/newsroom.html]
[www.cdc.gov/ncezid/stories-features/index.html]
[www.cdc.gov/ncezid/stories-features/global-stories.html]
[www.cdc.gov/ncezid/what-we-do/our-partners.html]
[www.cdc.gov/ncezid/what-we-do/index.html]
[www.cdc.gov/ncezid/what-we-do/our-topics.html]
[www.cdc.gov/ncezid/who-we-are/ncezid-divisions/index.html]
[www.cdc.gov/ncezid/multimedia/index.html]
[www.cdc.gov/ncezid/multimedia/animations-and-videos.html]
[www.cdc.gov/ncezid/multimedia/medscape-commentaries.html]
[www.cdc.gov/ncezid/multimedia/graphics.html]
[www.cdc.gov/ncezid/multimedia/mobile-apps.html]
[www.cdc.gov/ncezid/who-we-are/index.html]
[www.cdc.gov/ncezid/who-we-are/org-ncezid.html]
[www.cdc.gov/ncezid/who-we-are/director-ncezid.html]
[www.cdc.gov/ncezid/who-we-are/strategic-plans.html]
[www.cdc.gov/ncezid/who-we-are/budget.html]
[www.cdc.gov/ncezid/who-we-are/about-our-name.html]
[www.cdc.gov/ncezid/who-we-are/clia/certificates.html]
[www.cdc.gov/ncezid/index864e.html]
[www.cdc.gov/ncezid/who-we-are/ncezid-divisions/dfwed.html]
[www.cdc.gov/ncezid/who-we-are/ncezid-divisions/dgmh.html]
[www.cdc.gov/ncezid/who-we-are/ncezid-divisions/dhcpp.html]
[www.cdc.gov/ncezid/who-we-are/ncezid-divisions/dhqp.html]
[www.cdc.gov/ncezid/who-we-are/ncezid-divisions/didri.html]
[www.cdc.gov/ncezid/who-we-are/ncezid-divisions/dpdm.html]
[www.cdc.gov/ncezid/who-we-are/ncezid-divisions/dclsr.html]
[www.cdc.gov/ncezid/who-we-are/ncezid-divisions/dvbd.html]
[www.cdc.gov/ncezid/who-we-are/ncezid-divisions/oho.html]
[www.cdc.gov/ncezid/whats-new/newsroom-2022.html]
[www.cdc.gov/ncezid/whats-new/newsroom-2021.html]
[www.cdc.gov/ncezid/whats-new/newsroom-2020.html]
[www.cdc.gov/ncezid/whats-new/newsroom-2019.html]
[www.cdc.gov/ncezid/whats-new/newsroom-2018.html]
[www.cdc.gov/ncezid/whats-new/newsroom-2017.html]
[www.cdc.gov/ncezid/whats-new/newsroom-2016.html]
[www.cdc.gov/ncezid/whats-new/newsroom-2015.html]
[www.cdc.gov/ncezid/what-we-do/grants/2023.html]
[www.cdc.gov/ncezid/what-we-do/grants/2023/prevention-control-vector-borne-diseases.html]
[www.cdc.gov/ncezid/what-we-do/grants/2022.html]
[www.cdc.gov/ncezid/what-we-do/grants/2022/healthcare-infection-control.html]
[www.cdc.gov/ncezid/what-we-do/grants/2021.html]
[www.cdc.gov/ncezid/what-we-do/grants/2021/improving-national-capacity.html]
[www.cdc.gov/ncezid/what-we-do/grants/2021/funding-march-2021.html]
[www.cdc.gov/ncezid/what-we-do/grants/2021/global-AR-HAI.html]
[www.cdc.gov/ncezid/what-we-do/grants/2020/funding-july-2020.html]
[www.cdc.gov/ncezid/what-we-do/our-work-2022.html]
[www.cdc.gov/ncezid/what-we-do/our-work-2021.html]
[www.cdc.gov/ncezid/what-we-do/our-work-2020.html]
[www.cdc.gov/ncezid/what-we-do/our-work-2019.html]
[www.cdc.gov/ncezid/what-we-do/our-work-2018.html]
[www.cdc.gov/ncezid/what-we-do/our-work-2017.html]
[www.cdc.gov/ncezid/what-we-do/our-work-2016.html]
[www.cdc.gov/ncezid/what-we-do/our-work-2015.html]
[www.cdc.gov/ncezid/what-we-do/our-topics/fighting-antibiotic-resistance.html]
[www.cdc.gov/ncezid/what-we-do/our-topics/borders-travelers.html]
[www.cdc.gov/ncezid/what-we-do/our-topics/chronic-symptoms.html]
[www.cdc.gov/ncezid/what-we-do/our-topics/deadly-unexplained-diseases.html]
[www.cdc.gov/ncezid/what-we-do/our-topics/foodborne-disease.html]
[www.cdc.gov/ncezid/what-we-do/our-topics/targeting-infectious-disease.html]
[www.cdc.gov/ncezid/what-we-do/our-topics/healthcare-associated-infections.html]
[www.cdc.gov/ncezid/what-we-do/our-topics/lab-expertise.html]
[www.cdc.gov/ncezid/what-we-do/our-topics/responding-to-outbreaks.html]
[www.cdc.gov/ncezid/what-we-do/our-topics/one-health.html]
[www.cdc.gov/ncezid/what-we-do/our-topics/protecting-americans-from-bioterrorism.html]
[www.cdc.gov/ncezid/what-we-do/our-topics/supporting-states.html]
[www.cdc.gov/ncezid/what-we-do/our-topics/innovating-solutions.html]
[www.cdc.gov/ncezid/what-we-do/our-topics/vector-borne-diseases.html]
[www.cdc.gov/ncezid/what-we-do/our-topics/waterborne-fungal-infections.html]
[www.cdc.gov/ncezid/what-we-do/climate-change-and-infectious-diseases/index.html]
[www.cdc.gov/ncezid/what-we-do/climate-change-and-infectious-diseases/what-can-we-do.html]
[www.cdc.gov/ncezid/what-we-do/climate-change-and-infectious-diseases/whats-needed.html]
[www.cdc.gov/ncezid/what-we-do/crosscutting-programs/index.html]
[www.cdc.gov/ncezid/what-we-do/crosscutting-programs/health-home-abroad.html]
[www.cdc.gov/ncezid/what-we-do/crosscutting-programs/around-the-world.html]
[www.cdc.gov/ncezid/what-we-do/crosscutting-programs/tribal-health-in-action.html]
[www.cdc.gov/ncezid/what-we-do/innovations.html]
[www.cdc.gov/ncezid/what-we-do/innovations/introduction.html]
[www.cdc.gov/ncezid/what-we-do/innovations/innovate-antibiotic-resistance.html]
[www.cdc.gov/ncezid/what-we-do/innovations/biothreats.html]
[www.cdc.gov/ncezid/what-we-do/innovations/fungal-infections.html]
[www.cdc.gov/ncezid/what-we-do/innovations/hantavirus.html]
[www.cdc.gov/ncezid/what-we-do/innovations/lab-science.html]
[www.cdc.gov/ncezid/what-we-do/innovations/rabies.html]
[www.cdc.gov/ncezid/what-we-do/innovations/smallpox.html]
[www.cdc.gov/ncezid/what-we-do/innovations/vector-borne-diseases.html]
[www.cdc.gov/ncezid/what-we-do/innovations/vector-borne-disease-testing.html]
[www.cdc.gov/ncezid/what-we-do/innovations/waterborne-diseases.html]
[www.cdc.gov/ncezid/what-we-do/innovations/whole-genome-sequence.html]
[www.cdc.gov/ncezid/what-we-do/innovations/zika-mapping.html]
[www.cdc.gov/ncezid/what-we-do/innovations/zika-inside-the-virus.html]
[www.cdc.gov/ncezid/what-we-do/innovations/future.html]
[www.cdc.gov/ncezid/what-we-do/2022-highlights/index.html]
[www.cdc.gov/ncezid/what-we-do/2022-highlights/toolkit.html]
[www.cdc.gov/ncezid/what-we-do/2022-highlights/amd.html]
[www.cdc.gov/ncezid/what-we-do/2022-highlights/antimicrobial-resistance.html]
[www.cdc.gov/ncezid/what-we-do/2022-highlights/emerging-infectious-diseases.html]
[www.cdc.gov/ncezid/what-we-do/2022-highlights/healthcare-safety.html]
[www.cdc.gov/ncezid/what-we-do/2022-highlights/quarantine-stations.html]
[www.cdc.gov/ncezid/what-we-do/2022-highlights/mosquito-technology.html]
[www.cdc.gov/ncezid/what-we-do/2022-highlights/wastewater-surveillance.html]
[www.cdc.gov/ncezid/what-we-do/2022-highlights/mpox.html]
[www.cdc.gov/ncezid/what-we-do/2021-highlights/index.html]
[www.cdc.gov/ncezid/what-we-do/2021-highlights/who-we-are.html]
[www.cdc.gov/ncezid/what-we-do/2021-highlights/battling-covid-19.html]
[www.cdc.gov/ncezid/what-we-do/2021-highlights/antibiotic-resistance.html]
[www.cdc.gov/ncezid/what-we-do/2021-highlights/vector-borne-disease.html]
[www.cdc.gov/ncezid/what-we-do/2021-highlights/waterborne-disease.html]
[www.cdc.gov/ncezid/what-we-do/2021-highlights/outbreak-response.html]
[www.cdc.gov/ncezid/what-we-do/2021-highlights/health-equity.html]
[www.cdc.gov/ncezid/what-we-do/2021-highlights/climate-change.html]
[www.cdc.gov/ncezid/what-we-do/2021-highlights/in-our-scope.html]
[www.cdc.gov/ncezid/what-we-do/2020-highlights/ncezid-progress-report-2020.html]
[www.cdc.gov/ncezid/what-we-do/2020-highlights/who-we-are.html]
[www.cdc.gov/ncezid/what-we-do/2020-highlights/leading-discovery.html]
[www.cdc.gov/ncezid/what-we-do/2020-highlights/equipping-states.html]
[www.cdc.gov/ncezid/what-we-do/2020-highlights/keeping-a-vigilant-eye.html]
[www.cdc.gov/ncezid/what-we-do/2020-highlights/accelerating-data-use.html]
[www.cdc.gov/ncezid/what-we-do/2020-highlights/protecting-border-heatlh.html]
[www.cdc.gov/ncezid/what-we-do/2020-highlights/improving-the-health-of-patients.html]
[www.cdc.gov/ncezid/what-we-do/2020-highlights/harnessing-the-power-of-labs.html]
[www.cdc.gov/ncezid/what-we-do/2020-highlights/germs-in-food-water-and-soil.html]
[www.cdc.gov/ncezid/what-we-do/2020-highlights/fighting-vector-borne-diseases.html]
[www.cdc.gov/ncezid/what-we-do/2020-highlights/notable-work.html]
[www.cdc.gov/ncezid/what-we-do/2020-highlights/next-up.html]
[www.cdc.gov/ncezid/what-we-do/2019-highlights/ncezid-accomplishments-2019.html]
[www.cdc.gov/ncezid/what-we-do/2019-highlights/moving-the-needle.html]
[www.cdc.gov/ncezid/what-we-do/2019-highlights/breaking-the-mold.html]
[www.cdc.gov/ncezid/what-we-do/2019-highlights/collaborating-to-make-a-difference.html]
[www.cdc.gov/ncezid/what-we-do/2019-highlights/combating-infections-in-the-us.html]
[www.cdc.gov/ncezid/what-we-do/2019-highlights/confronting-infections-across-the-globe.html]
[www.cdc.gov/ncezid/what-we-do/2019-highlights/protecting-travelers-health.html]
[www.cdc.gov/ncezid/what-we-do/2019-highlights/observing-significant-milestones.html]
[www.cdc.gov/ncezid/what-we-do/2019-highlights/looking-ahead-to-2020.html]
[www.cdc.gov/ncezid/what-we-do/2018-highlights/ncezid-accomplishments-2018.html]
[www.cdc.gov/ncezid/what-we-do/2018-highlights/protecting-patients-from-infections.html]
[www.cdc.gov/ncezid/what-we-do/2018-highlights/protecting-from-health-threats.html]
[www.cdc.gov/ncezid/what-we-do/2018-highlights/fighting-global-outbreaks.html]
[www.cdc.gov/ncezid/what-we-do/2018-highlights/safeguarding-travelers.html]
[www.cdc.gov/ncezid/what-we-do/2018-highlights/building-lab-and-epi-capacity.html]
[www.cdc.gov/ncezid/what-we-do/2018-highlights/one-health.html]
[www.cdc.gov/ncezid/what-we-do/2018-highlights/amd.html]
[www.cdc.gov/ncezid/what-we-do/2018-highlights/looking-ahead-2019.html]
[www.cdc.gov/ncezid/what-we-do/2017-highlights/ncezid-accomplishments-2017.html]
[www.cdc.gov/ncezid/what-we-do/2017-highlights/year-in-numbers.html]
[www.cdc.gov/ncezid/what-we-do/2017-highlights/antibiotic-resistance.html]
[www.cdc.gov/ncezid/what-we-do/2017-highlights/vector-borne.html]
[www.cdc.gov/ncezid/what-we-do/2017-highlights/global-border-health.html]
[www.cdc.gov/ncezid/what-we-do/2017-highlights/outbreaks-domestic.html]
[www.cdc.gov/ncezid/what-we-do/2017-highlights/outbreaks-global.html]
[www.cdc.gov/ncezid/what-we-do/2017-highlights/support-to-states.html]
[www.cdc.gov/ncezid/what-we-do/2017-highlights/lab-expertise.html]
[www.cdc.gov/ncezid/what-we-do/2016-highlights.html]
[www.cdc.gov/ncezid/what-we-do/2015-highlights.html]
[www.cdc.gov/ncezid/what-we-do/2014-highlights.html]
[www.cdc.gov/ncezid/what-we-do/2013-highlights.html]
[www.cdc.gov/ncezid/what-we-do/our-work-our-stories.html]
[www.cdc.gov/ncezid/what-we-do/partnership-in-action/expand-ngs-STLT-labs.html]
[www.cdc.gov/ncezid/what-we-do/partnership-in-action/yellow-fever-vaccination-during-covid-19.html]
[www.cdc.gov/ncezid/what-we-do/partnership-in-action/healthcare-costs-associated-with-ar-infections.html]
[www.cdc.gov/ncezid/what-we-do/partnership-in-action/petsmart-charities-and-cdc-foundation-rsmf-education.html]
[www.cdc.gov/ncezid/what-we-do/partnership-in-action/hilton-foundation.html]
[www.cdc.gov/ncezid/what-we-do/partnership-in-action/vector-borne-disease-center-of-excellence.html]
[www.cdc.gov/ncezid/what-we-do/partnership-in-action/new-rabies-test.html]
[www.cdc.gov/ncezid/what-we-do/partnership-in-action/prevent-salmonella-flocks.html]
[www.cdc.gov/ncezid/what-we-do/partnership-in-action/safer-in-water.html]
[www.cdc.gov/ncezid/what-we-do/partnership-in-action/travelers-health.html]
[www.cdc.gov/ncezid/what-we-do/partnership-in-action/innovation-amd.html]
[www.cdc.gov/ncezid/what-we-do/partnership-in-action/prevent-illness-people-pets.html]
[www.cdc.gov/ncezid/what-we-do/partnership-in-action/crypto-screenings-south-africa.html]
[www.cdc.gov/ncezid/what-we-do/partnership-in-action/fighting-zika.html]
[www.cdc.gov/ncezid/what-we-do/partnership-in-action/combatting-ar.html]
[www.cdc.gov/ncezid/what-we-do/partnership-in-action/delivering-cure.html]
[www.cdc.gov/ncezid/what-we-do/partnership-in-action/waste-fuel-in-Kenya.html]
[www.cdc.gov/ncezid/what-we-do/partnership-in-action/antibiotic-stewardship.html]
[www.cdc.gov/ncezid/what-we-do/partnership-in-action/safe-injection-practices.html]
[www.cdc.gov/ncezid/hhs-protect/index.html]
[www.cdc.gov/ncezid/stories-features/global-stories/rapid-infection-prevention.html]
[www.cdc.gov/ncezid/stories-features/global-stories/protecting-people-in-haiti-from-rabies.html]
[www.cdc.gov/ncezid/stories-features/global-stories/tracking-vhf-in-uganda.html]
[www.cdc.gov/ncezid/stories-features/global-stories/strengthening-wash-in-sierre-leone.html]
[www.cdc.gov/ncezid/stories-features/global-stories/plague-a-disease-of-the-past-uganda-drc.html]
[www.cdc.gov/ncezid/stories-features/global-stories/testing-tools-to-fight-mokeypox-drc.html]
[www.cdc.gov/ncezid/stories-features/global-stories/ending-cholera-globally.html]
[www.cdc.gov/ncezid/stories-features/global-stories/improving-diagnoses-zika-vbdb-in-indonesia.html]
[www.cdc.gov/ncezid/stories-features/global-stories/protecting-newborns-in-india.html]
[www.cdc.gov/ncezid/stories-features/global-stories/training-in-nigeria.html]
[www.cdc.gov/ncezid/stories-features/global-stories/c-auris-response.html]
[www.cdc.gov/ncezid/stories-features/global-stories/ar-india.html]
[www.cdc.gov/ncezid/stories-features/global-stories/cholera-outbreak-kenya.html]
[www.cdc.gov/ncezid/stories-features/global-stories/ebola-response-sierra-leone.html]
[www.cdc.gov/ncezid/stories-features/global-stories/hai-in-georgia.html]
[www.cdc.gov/ncezid/stories-features/global-stories/uganda-vector-borne.html]
[www.cdc.gov/ncezid/stories-features/global-stories/champs-program.html]
[www.cdc.gov/ncezid/stories-features/global-stories/rabies-work.html]
[www.cdc.gov/ncezid/stories-features/global-stories/zoonotic-diseases-ethiopia.html]
[www.cdc.gov/ncezid/stories-features/global-stories/ebola-reservoir-study.html]
[www.cdc.gov/ncezid/stories-features/innovative-stories.html]
[www.cdc.gov/ncezid/stories-features/innovative-stories/identifying-hospital-outbreaks.html]
[www.cdc.gov/ncezid/stories-features/innovative-stories/warrior-panel.html]
[www.cdc.gov/ncezid/stories-features/innovative-stories/wastewater.html]
[www.cdc.gov/ncezid/stories-features/innovative-stories/developing-a-vaccine-against-tickborne.html]
[www.cdc.gov/ncezid/stories-features/innovative-stories/urgently-modernizing-us-public-health-systems.html]
[www.cdc.gov/ncezid/stories-features/innovative-stories/tracking-anibiotic-resistant-bacteria.html]
[www.cdc.gov/ncezid/stories-features/innovative-stories/text-messages-alert-travelers.html]
[www.cdc.gov/ncezid/stories-features/innovative-stories/solution-to-urinary-tract-infection.html]
[www.cdc.gov/ncezid/stories-features/innovative-stories/new-tickborne-disease-bacteria.html]
[www.cdc.gov/ncezid/index.html]
[www.cdc.gov/ncezid/index-2.html]
[www.cdc.gov/ncezid/stories-features/innovative-stories/fight-against-rabies.html]
[www.cdc.gov/ncezid/es/que-hacemos.html]
[www.cdc.gov/ncezid/es/organigrama.html]
[www.cdc.gov/ncezid/es/nuestras-divisiones.html]
[www.cdc.gov/ncezid/es/recursos.html]
[www.cdc.gov/ncezid/es/informacion-sobre-el-ncezid.html]
[www.cdc.gov/ncezid/es/organigrama-texto.html]
[www.cdc.gov/ncezid/es/dfwed.html]
[www.cdc.gov/ncezid/es/dgmq.html]
[www.cdc.gov/ncezid/es/dhcpp.html]
[www.cdc.gov/ncezid/es/dhqp.html]
[www.cdc.gov/ncezid/es/dpei.html]
[www.cdc.gov/ncezid/es/dsr.html]
[www.cdc.gov/ncezid/es/index.html]
[www.cdc.gov/ncezid/es/dvbd.html]
[www.cdc.gov/ncezid/whats-new/index.html]
[www.cdc.gov/ncezid/who-we-are/social-media.html]
[www.cdc.gov/ncezid/what-we-do/recent-work.html]
[www.cdc.gov/ncezid/dpei/eip/index.html]
[www.cdc.gov/ncezid/dfwed/index.html]
[www.cdc.gov/ncezid/dgmq/index.html]
[www.cdc.gov/ncezid/dhqp/index.html]
[www.cdc.gov/ncezid/dhcpp/index.html]
[www.cdc.gov/ncezid/dpei/index.html]
[www.cdc.gov/ncezid/dsr/index.html]
[www.cdc.gov/ncezid/what-we-do/ncezid-publications.html]
[www.cdc.gov/ncezid/whats-new/newsroom.html]
[www.cdc.gov/ncezid/stories-features/index.html]
[www.cdc.gov/ncezid/stories-features/global-stories.html]
[www.cdc.gov/ncezid/dvbd/index.html]
[www.cdc.gov/ncezid/what-we-do/our-partners.html]
[www.cdc.gov/ncezid/what-we-do/index.html]
[www.cdc.gov/ncezid/what-we-do/our-topics.html]
[www.cdc.gov/ncezid/dvbd/about/prepare-nation/coe.html]
[www.cdc.gov/ncezid/who-we-are/ncezid-divisions/dpei.html]
[www.cdc.gov/ncezid/who-we-are/ncezid-divisions/dsr.html]
[www.cdc.gov/ncezid/who-we-are/ncezid-divisions/dgmq.html]
[www.cdc.gov/ncezid/who-we-are/ncezid-divisions/index.html]
[www.cdc.gov/ncezid/multimedia/infographics.html]
[www.cdc.gov/ncezid/multimedia/index.html]
[www.cdc.gov/ncezid/multimedia/animations-and-videos.html]
[www.cdc.gov/ncezid/multimedia/medscape-commentaries.html]
[www.cdc.gov/ncezid/multimedia/wcms-inc/localundernav_tp4864e.html]
[www.cdc.gov/ncezid/multimedia/graphics.html]
[www.cdc.gov/ncezid/multimedia/mobile-apps.html]
[www.cdc.gov/ncezid/who-we-are/index.html]
[www.cdc.gov/ncezid/who-we-are/wcms-inc/localundernav_tp4864e.html]
[www.cdc.gov/ncezid/who-we-are/org-ncezid.html]
[www.cdc.gov/ncezid/who-we-are/director-ncezid.html]
[www.cdc.gov/ncezid/who-we-are/strategic-plans.html]
[www.cdc.gov/ncezid/who-we-are/budget.html]
[www.cdc.gov/ncezid/dvbd/bourbon/index.html]
[www.cdc.gov/ncezid/who-we-are/about-our-name.html]
[www.cdc.gov/ncezid/who-we-are/clia/certificates.html]
[www.cdc.gov/ncezid/index864e.html]
[www.cdc.gov/ncezid/who-we-are/ncezid-divisions/dfwed.html]
[www.cdc.gov/ncezid/who-we-are/ncezid-divisions/dgmh.html]
[www.cdc.gov/ncezid/who-we-are/ncezid-divisions/dhcpp.html]
[www.cdc.gov/ncezid/who-we-are/ncezid-divisions/dhqp.html]
[www.cdc.gov/ncezid/who-we-are/ncezid-divisions/didri.html]
[www.cdc.gov/ncezid/who-we-are/ncezid-divisions/dpdm.html]
[www.cdc.gov/ncezid/who-we-are/ncezid-divisions/dclsr.html]
[www.cdc.gov/ncezid/who-we-are/ncezid-divisions/dvbd.html]
[www.cdc.gov/ncezid/who-we-are/ncezid-divisions/oho.html]
[www.cdc.gov/ncezid/whats-new/newsroom-2022.html]
[www.cdc.gov/ncezid/whats-new/newsroom-2021.html]
[www.cdc.gov/ncezid/whats-new/newsroom-2020.html]
[www.cdc.gov/ncezid/whats-new/newsroom-2019.html]
[www.cdc.gov/ncezid/whats-new/newsroom-2018.html]
[www.cdc.gov/ncezid/whats-new/newsroom-2017.html]
[www.cdc.gov/ncezid/whats-new/wcms-inc/localundernav_tp4864e.html]
[www.cdc.gov/ncezid/whats-new/newsroom-2016.html]
[www.cdc.gov/ncezid/whats-new/newsroom-2015.html]
[www.cdc.gov/ncezid/what-we-do/grants/2023.html]
[www.cdc.gov/ncezid/what-we-do/grants/2023/prevention-control-vector-borne-diseases.html]
[www.cdc.gov/ncezid/what-we-do/grants/2022.html]
[www.cdc.gov/ncezid/what-we-do/grants/2022/healthcare-infection-control.html]
[www.cdc.gov/ncezid/what-we-do/grants/2021.html]
[www.cdc.gov/ncezid/what-we-do/grants/2021/improving-national-capacity.html]
[www.cdc.gov/ncezid/what-we-do/grants/2021/funding-march-2021.html]
[www.cdc.gov/ncezid/what-we-do/grants/2021/global-AR-HAI.html]
[www.cdc.gov/ncezid/what-we-do/grants/2020/funding-july-2020.html]
[www.cdc.gov/ncezid/dfwed/outbreak-response/rep-strains01b2.html]
[www.cdc.gov/ncezid/dfwed/BEAM-dashboard01b2.html]
[www.cdc.gov/ncezid/dfwed/BEAM-FAQ01b2.html]
[www.cdc.gov/ncezid/dpei/elc/covid-response/index.html]
[www.cdc.gov/ncezid/dpei/epidemiology-laboratory-capacity.html]
[www.cdc.gov/ncezid/what-we-do/our-work-2022.html]
[www.cdc.gov/ncezid/what-we-do/climate-change-and-infectious-diseases/index796f.html]
[www.cdc.gov/ncezid/dpei/hemu/phl-impact.html]
[www.cdc.gov/ncezid/dvbd/stories/spotlight.html]
[www.cdc.gov/ncezid/dpei/elc/history/elc-awards-by-grantee-2020.html]
[www.cdc.gov/ncezid/dpei/aip/index.html]
[www.cdc.gov/ncezid/dvbd/about.html]
[www.cdc.gov/ncezid/what-we-do/wcms-inc/localrelatedmodule-govd_tp4115a.html]
[www.cdc.gov/ncezid/what-we-do/our-work-2021.html]
[www.cdc.gov/ncezid/dfwed/prevention-priorities/index.html]
[www.cdc.gov/ncezid/dvbd/framework.html]
[www.cdc.gov/ncezid/what-we-do/our-work-2020.html]
[www.cdc.gov/ncezid/dfwed/food-safety-office/cifor.html]
[www.cdc.gov/ncezid/what-we-do/our-work-2019.html]
[www.cdc.gov/ncezid/dpei/elc/history/elc-awards-by-grantee-2019.html]
[www.cdc.gov/ncezid/dpei/aip/index-2.html]
[www.cdc.gov/ncezid/what-we-do/our-work-2018.html]
[www.cdc.gov/ncezid/dfwed/keyprograms/tracking-foodborne-illness-wgs.html]
[www.cdc.gov/ncezid/dfwed/stories/fighting-cholera-cameroon.html]
[www.cdc.gov/ncezid/what-we-do/our-work-2017.html]
[www.cdc.gov/ncezid/dhcpp/infectious_disease/index.html]
[www.cdc.gov/ncezid/dfwed/orpb/ort.html]
[www.cdc.gov/ncezid/what-we-do/our-work-2016.html]
[www.cdc.gov/ncezid/dhcpp/poxvirus_rabies/index.html]
[www.cdc.gov/ncezid/what-we-do/our-work-2015.html]
[www.cdc.gov/ncezid/what-we-do/our-topics/fighting-antibiotic-resistance.html]
[www.cdc.gov/ncezid/dhcpp/featured_stories/cowpox.html]
[www.cdc.gov/ncezid/stories-features/related-blog-posts.html]
[www.cdc.gov/ncezid/what-we-do/our-topics/borders-travelers.html]
[www.cdc.gov/ncezid/what-we-do/our-topics/chronic-symptoms.html]
[www.cdc.gov/ncezid/what-we-do/our-topics/deadly-unexplained-diseases.html]
[www.cdc.gov/ncezid/dgmq/laws-and-regulations.html]
[www.cdc.gov/ncezid/dfwed/stories/protecting-children-ecoli.html]
[www.cdc.gov/ncezid/dhcpp/index-2.html]
[www.cdc.gov/ncezid/dfwed/stories/utah-ecoli-epi-aid.html]
[www.cdc.gov/ncezid/dfwed/stories/ohio-botulism.html]
[www.cdc.gov/ncezid/what-we-do/our-topics/foodborne-disease.html]
[www.cdc.gov/ncezid/what-we-do/our-topics/targeting-infectious-disease.html]
[www.cdc.gov/ncezid/what-we-do/our-topics/healthcare-associated-infections.html]
[www.cdc.gov/ncezid/dhcpp/idpb/epathology/index.html]
[www.cdc.gov/ncezid/dhcpp/vspb/index.html]
[www.cdc.gov/ncezid/dhcpp/bacterial_special/index.html]
[www.cdc.gov/ncezid/dsr/biotechnology-core-facility-branch.html]
[www.cdc.gov/ncezid/dfwed/mycotics/index.html]
[www.cdc.gov/ncezid/dfwed/waterborne/lab/index.html]
[www.cdc.gov/ncezid/what-we-do/our-topics/lab-expertise.html]
[www.cdc.gov/ncezid/what-we-do/our-topics/responding-to-outbreaks.html]
[www.cdc.gov/ncezid/what-we-do/our-topics/one-health.html]
[www.cdc.gov/ncezid/what-we-do/our-topics/protecting-americans-from-bioterrorism.html]
[www.cdc.gov/ncezid/what-we-do/partnership-in-action/improving-american-indian-health.html]
[www.cdc.gov/ncezid/what-we-do/our-topics/supporting-states.html]
[www.cdc.gov/ncezid/what-we-do/our-topics/innovating-solutions.html]
[www.cdc.gov/ncezid/what-we-do/our-topics/vector-borne-diseases.html]
[www.cdc.gov/ncezid/what-we-do/our-topics/waterborne-fungal-infections.html]
[www.cdc.gov/ncezid/what-we-do/climate-change-and-infectious-diseases/index.html]
[www.cdc.gov/ncezid/what-we-do/climate-change-and-infectious-diseases/what-can-we-do.html]
[www.cdc.gov/ncezid/what-we-do/climate-change-and-infectious-diseases/whats-needed.html]
[www.cdc.gov/ncezid/dvbd/index-2.html]
[www.cdc.gov/ncezid/who-we-are/ncezid-divisions/oamd.html]
[www.cdc.gov/ncezid/what-we-do/crosscutting-programs/index.html]
[www.cdc.gov/ncezid/what-we-do/crosscutting-programs/health-home-abroad.html]
[www.cdc.gov/ncezid/what-we-do/crosscutting-programs/around-the-world.html]
[www.cdc.gov/ncezid/what-we-do/crosscutting-programs/tribal-health-in-action.html]
[www.cdc.gov/ncezid/what-we-do/innovations.html]
[www.cdc.gov/ncezid/what-we-do/innovations/introduction.html]
[www.cdc.gov/ncezid/what-we-do/innovations/innovate-antibiotic-resistance.html]
[www.cdc.gov/ncezid/what-we-do/innovations/biothreats.html]
[www.cdc.gov/ncezid/what-we-do/innovations/fungal-infections.html]
[www.cdc.gov/ncezid/what-we-do/innovations/hantavirus.html]
[www.cdc.gov/ncezid/what-we-do/innovations/lab-science.html]
[www.cdc.gov/ncezid/what-we-do/innovations/rabies.html]
[www.cdc.gov/ncezid/what-we-do/innovations/smallpox.html]
[www.cdc.gov/ncezid/what-we-do/innovations/vector-borne-diseases.html]
[www.cdc.gov/ncezid/what-we-do/innovations/vector-borne-disease-testing.html]
[www.cdc.gov/ncezid/what-we-do/innovations/waterborne-diseases.html]
[www.cdc.gov/ncezid/what-we-do/innovations/whole-genome-sequence.html]
[www.cdc.gov/ncezid/what-we-do/innovations/zika-mapping.html]
[www.cdc.gov/ncezid/what-we-do/innovations/zika-inside-the-virus.html]
[www.cdc.gov/ncezid/what-we-do/innovations/future.html]
[www.cdc.gov/ncezid/what-we-do/2022-highlights/index.html]
[www.cdc.gov/ncezid/what-we-do/2022-highlights/outbreaks.html]
[www.cdc.gov/ncezid/what-we-do/2022-highlights/toolkit.html]
[www.cdc.gov/ncezid/what-we-do/2022-highlights/amd.html]
[www.cdc.gov/ncezid/what-we-do/2022-highlights/antimicrobial-resistance.html]
[www.cdc.gov/ncezid/what-we-do/2022-highlights/emerging-infectious-diseases.html]
[www.cdc.gov/ncezid/what-we-do/2022-highlights/healthcare-safety.html]
[www.cdc.gov/ncezid/what-we-do/2022-highlights/quarantine-stations.html]
[www.cdc.gov/ncezid/dvbd/stories/partnerships.html]
[www.cdc.gov/ncezid/what-we-do/2022-highlights/mosquito-technology.html]
[www.cdc.gov/ncezid/what-we-do/2022-highlights/wastewater-surveillance.html]
[www.cdc.gov/ncezid/what-we-do/2022-highlights/mpox.html]
[www.cdc.gov/ncezid/what-we-do/2021-highlights/index.html]
[www.cdc.gov/ncezid/what-we-do/2021-highlights/who-we-are.html]
[www.cdc.gov/ncezid/what-we-do/2021-highlights/battling-covid-19.html]
[www.cdc.gov/ncezid/what-we-do/2021-highlights/antibiotic-resistance.html]
[www.cdc.gov/ncezid/what-we-do/2021-highlights/vector-borne-disease.html]
[www.cdc.gov/ncezid/what-we-do/2021-highlights/waterborne-disease.html]
[www.cdc.gov/ncezid/what-we-do/2021-highlights/outbreak-response.html]
[www.cdc.gov/ncezid/what-we-do/2021-highlights/health-equity.html]
[www.cdc.gov/ncezid/what-we-do/2021-highlights/climate-change.html]
[www.cdc.gov/ncezid/what-we-do/2021-highlights/in-our-scope.html]
[www.cdc.gov/ncezid/what-we-do/2020-highlights/ncezid-progress-report-2020.html]
[www.cdc.gov/ncezid/what-we-do/2020-highlights/who-we-are.html]
[www.cdc.gov/ncezid/what-we-do/2020-highlights/leading-discovery.html]
[www.cdc.gov/ncezid/what-we-do/2020-highlights/equipping-states.html]
[www.cdc.gov/ncezid/what-we-do/2020-highlights/keeping-a-vigilant-eye.html]
[www.cdc.gov/ncezid/what-we-do/2020-highlights/accelerating-data-use.html]
[www.cdc.gov/ncezid/what-we-do/2020-highlights/protecting-border-heatlh.html]
[www.cdc.gov/ncezid/what-we-do/2020-highlights/improving-the-health-of-patients.html]
[www.cdc.gov/ncezid/what-we-do/2020-highlights/harnessing-the-power-of-labs.html]
[www.cdc.gov/ncezid/what-we-do/2020-highlights/germs-in-food-water-and-soil.html]
[www.cdc.gov/ncezid/what-we-do/2020-highlights/fighting-vector-borne-diseases.html]
[www.cdc.gov/ncezid/what-we-do/2021-highlights/foodborne-disease.html]
[www.cdc.gov/ncezid/what-we-do/2020-highlights/notable-work.html]
[www.cdc.gov/ncezid/what-we-do/2020-highlights/next-up.html]
[www.cdc.gov/ncezid/what-we-do/2019-highlights/ncezid-accomplishments-2019.html]
[www.cdc.gov/ncezid/what-we-do/2019-highlights/moving-the-needle.html]
[www.cdc.gov/ncezid/dhcpp/idpb/unexplained-deaths/index.html]
[www.cdc.gov/ncezid/what-we-do/2019-highlights/breaking-the-mold.html]
[www.cdc.gov/ncezid/what-we-do/2019-highlights/collaborating-to-make-a-difference.html]
[www.cdc.gov/ncezid/what-we-do/2019-highlights/combating-infections-in-the-us.html]
[www.cdc.gov/ncezid/what-we-do/2019-highlights/confronting-infections-across-the-globe.html]
[www.cdc.gov/ncezid/what-we-do/2019-highlights/protecting-travelers-health.html]
[www.cdc.gov/ncezid/dhcpp/idpb/index.html]
[www.cdc.gov/ncezid/what-we-do/2019-highlights/observing-significant-milestones.html]
[www.cdc.gov/ncezid/what-we-do/2019-highlights/looking-ahead-to-2020.html]
[www.cdc.gov/ncezid/what-we-do/2018-highlights/ncezid-accomplishments-2018.html]
[www.cdc.gov/ncezid/what-we-do/2018-highlights/protecting-patients-from-infections.html]
[www.cdc.gov/ncezid/what-we-do/2018-highlights/protecting-from-health-threats.html]
[www.cdc.gov/ncezid/what-we-do/2018-highlights/fighting-global-outbreaks.html]
[www.cdc.gov/ncezid/what-we-do/2018-highlights/safeguarding-travelers.html]
[www.cdc.gov/ncezid/what-we-do/2018-highlights/building-lab-and-epi-capacity.html]
[www.cdc.gov/ncezid/what-we-do/2018-highlights/one-health.html]
[www.cdc.gov/ncezid/what-we-do/2018-highlights/amd.html]
[www.cdc.gov/ncezid/what-we-do/2018-highlights/looking-ahead-2019.html]
[www.cdc.gov/ncezid/what-we-do/2017-highlights/ncezid-accomplishments-2017.html]
[www.cdc.gov/ncezid/what-we-do/2017-highlights/year-in-numbers.html]
[www.cdc.gov/ncezid/what-we-do/2017-highlights/antibiotic-resistance.html]
[www.cdc.gov/ncezid/what-we-do/2017-highlights/vector-borne.html]
[www.cdc.gov/ncezid/what-we-do/2017-highlights/global-border-health.html]
[www.cdc.gov/ncezid/what-we-do/2017-highlights/outbreaks-domestic.html]
[www.cdc.gov/ncezid/what-we-do/2017-highlights/outbreaks-global.html]
[www.cdc.gov/ncezid/what-we-do/2017-highlights/support-to-states.html]
[www.cdc.gov/ncezid/what-we-do/2017-highlights/lab-expertise.html]
[www.cdc.gov/ncezid/what-we-do/2016-highlights.html]
[www.cdc.gov/ncezid/what-we-do/2015-highlights.html]
[www.cdc.gov/ncezid/what-we-do/2014-highlights.html]
[www.cdc.gov/ncezid/what-we-do/2013-highlights.html]
[www.cdc.gov/ncezid/what-we-do/our-work-our-stories.html]
[www.cdc.gov/ncezid/what-we-do/partnership-in-action/expand-ngs-STLT-labs.html]
[www.cdc.gov/ncezid/what-we-do/partnership-in-action/yellow-fever-vaccination-during-covid-19.html]
[www.cdc.gov/ncezid/what-we-do/partnership-in-action/healthcare-costs-associated-with-ar-infections.html]
[www.cdc.gov/ncezid/what-we-do/partnership-in-action/petsmart-charities-and-cdc-foundation-rsmf-education.html]
[www.cdc.gov/ncezid/what-we-do/partnership-in-action/hilton-foundation.html]
[www.cdc.gov/ncezid/dhcpp/hcl-50/high-containment-laboratories.html]
[www.cdc.gov/ncezid/what-we-do/partnership-in-action/vector-borne-disease-center-of-excellence.html]
[www.cdc.gov/ncezid/what-we-do/partnership-in-action/new-rabies-test.html]
[www.cdc.gov/ncezid/what-we-do/partnership-in-action/prevent-salmonella-flocks.html]
[www.cdc.gov/ncezid/what-we-do/partnership-in-action/safer-in-water.html]
[www.cdc.gov/ncezid/what-we-do/partnership-in-action/travelers-health.html]
[www.cdc.gov/ncezid/what-we-do/partnership-in-action/innovation-amd.html]
[www.cdc.gov/ncezid/what-we-do/partnership-in-action/prevent-illness-people-pets.html]
[www.cdc.gov/ncezid/what-we-do/partnership-in-action/crypto-screenings-south-africa.html]
[www.cdc.gov/ncezid/what-we-do/partnership-in-action/fighting-zika.html]
[www.cdc.gov/ncezid/what-we-do/partnership-in-action/combatting-ar.html]
[www.cdc.gov/ncezid/what-we-do/partnership-in-action/delivering-cure.html]
[www.cdc.gov/ncezid/what-we-do/partnership-in-action/waste-fuel-in-Kenya.html]
[www.cdc.gov/ncezid/what-we-do/partnership-in-action/antibiotic-stewardship.html]
[www.cdc.gov/ncezid/what-we-do/partnership-in-action/safe-injection-practices.html]
[www.cdc.gov/ncezid/hhs-protect/index.html]
[www.cdc.gov/ncezid/stories-features/global-stories/rapid-infection-prevention.html]
[www.cdc.gov/ncezid/stories-features/wcms-inc/localundernav_tp4864e.html]
[www.cdc.gov/ncezid/stories-features/global-stories/protecting-people-in-haiti-from-rabies.html]
[www.cdc.gov/ncezid/stories-features/global-stories/tracking-vhf-in-uganda.html]
[www.cdc.gov/ncezid/stories-features/global-stories/strengthening-wash-in-sierre-leone.html]
[www.cdc.gov/ncezid/stories-features/global-stories/plague-a-disease-of-the-past-uganda-drc.html]
[www.cdc.gov/ncezid/stories-features/global-stories/testing-tools-to-fight-mokeypox-drc.html]
[www.cdc.gov/ncezid/stories-features/global-stories/ending-cholera-globally.html]
[www.cdc.gov/ncezid/stories-features/global-stories/improving-diagnoses-zika-vbdb-in-indonesia.html]
[www.cdc.gov/ncezid/stories-features/global-stories/protecting-newborns-in-india.html]
[www.cdc.gov/ncezid/stories-features/global-stories/training-in-nigeria.html]
[www.cdc.gov/ncezid/stories-features/global-stories/c-auris-response.html]
[www.cdc.gov/ncezid/stories-features/global-stories/ar-india.html]
[www.cdc.gov/ncezid/stories-features/global-stories/cholera-outbreak-kenya.html]
[www.cdc.gov/ncezid/stories-features/global-stories/ebola-response-sierra-leone.html]
[www.cdc.gov/ncezid/stories-features/global-stories/hai-in-georgia.html]
[www.cdc.gov/ncezid/stories-features/global-stories/uganda-vector-borne.html]
[www.cdc.gov/ncezid/stories-features/global-stories/champs-program.html]
[www.cdc.gov/ncezid/stories-features/global-stories/rabies-work.html]
[www.cdc.gov/ncezid/stories-features/global-stories/zoonotic-diseases-ethiopia.html]
[www.cdc.gov/ncezid/stories-features/global-stories/ebola-reservoir-study.html]
[www.cdc.gov/ncezid/stories-features/innovative-stories.html]
[www.cdc.gov/ncezid/stories-features/innovative-stories/identifying-hospital-outbreaks.html]
[www.cdc.gov/ncezid/stories-features/innovative-stories/warrior-panel.html]
[www.cdc.gov/ncezid/stories-features/innovative-stories/wastewater.html]
[www.cdc.gov/ncezid/stories-features/innovative-stories/developing-a-vaccine-against-tickborne.html]
[www.cdc.gov/ncezid/stories-features/innovative-stories/urgently-modernizing-us-public-health-systems.html]
[www.cdc.gov/ncezid/stories-features/innovative-stories/tracking-anibiotic-resistant-bacteria.html]
[www.cdc.gov/ncezid/stories-features/innovative-stories/text-messages-alert-travelers.html]
[www.cdc.gov/ncezid/stories-features/innovative-stories/solution-to-urinary-tract-infection.html]
[www.cdc.gov/ncezid/stories-features/innovative-stories/new-tickborne-disease-bacteria.html]
[www.cdc.gov/ncezid/stories-features/innovative-stories/fight-against-rabies.html]
[www.cdc.gov/ncezid/dhcpp/vspb/index-2.html]
[www.cdc.gov/ncezid/es/que-hacemos.html]
[www.cdc.gov/ncezid/es/organigrama.html]
[www.cdc.gov/ncezid/es/nuestras-divisiones.html]
[www.cdc.gov/ncezid/es/recursos.html]
[www.cdc.gov/ncezid/es/informacion-sobre-el-ncezid.html]
[www.cdc.gov/ncezid/es/organigrama-texto.html]
[www.cdc.gov/ncezid/es/dfwed.html]
[www.cdc.gov/ncezid/es/dgmq.html]
[www.cdc.gov/ncezid/es/dhcpp.html]
[www.cdc.gov/ncezid/es/dhqp.html]
[www.cdc.gov/ncezid/es/dpei.html]
[www.cdc.gov/ncezid/es/dsr.html]
[www.cdc.gov/ncezid/es/dvbd.html]
[www.cdc.gov/ncezid/who-we-are/org-ncezid-text.html]
[www.cdc.gov/ncezid/dpei/eip/eip-sites.html]
[www.cdc.gov/ncezid/dpei/eip/eip-network-activities.html]
[www.cdc.gov/ncezid/dpei/office-of-the-director.html]
[www.cdc.gov/ncezid/dpei/aip/about.html]
[www.cdc.gov/ncezid/dpei/aip/organization.html]
[www.cdc.gov/ncezid/dpei/aip/history.html]
[www.cdc.gov/ncezid/dpei/aip/improving-health-for-alaska-residents.html]
[www.cdc.gov/ncezid/dpei/aip/priority-areas.html]
[www.cdc.gov/ncezid/dpei/aip/surveillance-in-alaska.html]
[www.cdc.gov/ncezid/dpei/aip/eliminating-health-disparities.html]
[www.cdc.gov/ncezid/dpei/aip/dental-caries.html]
[www.cdc.gov/ncezid/dpei/aip/emerging-infectious-diseases.html]
[www.cdc.gov/ncezid/dpei/aip/preparedness-response.html]
[www.cdc.gov/ncezid/dpei/aip/circumpolar-health.html]
[www.cdc.gov/ncezid/dpei/aip/water-sanitation.html]
[www.cdc.gov/ncezid/dpei/aip/reports/index.html]
[www.cdc.gov/ncezid/dpei/hemu/index.html]
[www.cdc.gov/ncezid/dpei/hemu/focus-health-impact.html]
[www.cdc.gov/ncezid/dpei/hemu/projects.html]
[www.cdc.gov/ncezid/dpei/hemu/published-models-tools.html]
[www.cdc.gov/ncezid/dpei/hemu/resources.html]
[www.cdc.gov/ncezid/about-ncezid.html]
[www.cdc.gov/ncezid/director-ncezid.html]
[www.cdc.gov/ncezid/org-ncezid.html]
[www.cdc.gov/ncezid/dpei/eip/index.html]
[www.cdc.gov/ncezid/dfwed/outbreak-response/rep-strains.html]
[www.cdc.gov/ncezid/dfwed/BEAM-dashboard.html]
[www.cdc.gov/ncezid/dfwed/about.html]
[www.cdc.gov/ncezid/dfwed/keyprograms/index.html]
[www.cdc.gov/ncezid/dfwed/keyprograms/surveillance.html]
[www.cdc.gov/ncezid/dfwed/international/globalwork.html]
[www.cdc.gov/ncezid/dfwed/outbreak-response/index.html]
[www.cdc.gov/ncezid/dfwed/a-z.html]
[www.cdc.gov/ncezid/dfwed/dfwed-leadership.html]
[www.cdc.gov/ncezid/dfwed/edeb/index.html]
[www.cdc.gov/ncezid/dfwed/edlb/index.html]
[www.cdc.gov/ncezid/dfwed/edlb/edlb-lab-submission.html]
[www.cdc.gov/ncezid/dfwed/food-safety-office/index.html]
[www.cdc.gov/ncezid/dfwed/international/gfin.html]
[www.cdc.gov/ncezid/dfwed/international/enteric-diseases-toolkit.html]
[www.cdc.gov/ncezid/dfwed/international/global-diarrhea-health-gadd.html]
[www.cdc.gov/ncezid/dfwed/international/global-networks-make-food-safer.html]
[www.cdc.gov/ncezid/dfwed/orpb/index.html]
[www.cdc.gov/ncezid/dfwed/waterborne/index.html]
[www.cdc.gov/ncezid/dfwed/keyprograms/antimicrobial-resistance.html]
[www.cdc.gov/ncezid/dfwed/keyprograms/public-health.html]
[www.cdc.gov/ncezid/dfwed/outbreak-response/rep-strains/repjjp01.html]
[www.cdc.gov/ncezid/dfwed/outbreak-response/rep-strains/reptdk01.html]
[www.cdc.gov/ncezid/dfwed/outbreak-response/rep-strains/repjfx01.html]
[www.cdc.gov/ncezid/dfwed/outbreak-response/rep-strains/repexh01.html]
[www.cdc.gov/ncezid/dfwed/BEAM-FAQ.html]
[www.cdc.gov/ncezid/dfwed/prevention-priorities/mahc.html]
[www.cdc.gov/ncezid/dfwed/prevention-priorities/aspergillosis-and-triazoles.html]
[www.cdc.gov/ncezid/dfwed/prevention-priorities/cholera.html]
[www.cdc.gov/ncezid/dfwed/prevention-priorities/salmonella-and-chicken.html]
[www.cdc.gov/ncezid/dfwed/prevention-priorities/salmonella-and-ground-beef.html]
[www.cdc.gov/ncezid/dfwed/prevention-priorities/ecoli-and-leafy-greens.html]
[www.cdc.gov/ncezid/dfwed/prevention-priorities/vibriosis-and-shellfish.html]
[www.cdc.gov/ncezid/dfwed/index.html]
[www.cdc.gov/ncezid/dfwed/prevention-priorities/correctional-facilities.html]
[www.cdc.gov/ncezid/dgmq/how-we-serve.html]
[www.cdc.gov/ncezid/dgmq/who-we-are.html]
[www.cdc.gov/ncezid/dgmq/who-we-serve.html]
[www.cdc.gov/ncezid/dgmq/stories.html]
[www.cdc.gov/ncezid/dgmq/why-the-work-matters.html]
[www.cdc.gov/ncezid/dgmq/emergency-response.html]
[www.cdc.gov/ncezid/dgmq/office-of-director.html]
[www.cdc.gov/ncezid/dgmq/focus-areas/irmh.html]
[www.cdc.gov/ncezid/dgmq/focus-areas/quarantine.html]
[www.cdc.gov/ncezid/dgmq/focus-areas/travelers-health.html]
[www.cdc.gov/ncezid/dgmq/focus-areas/usmh.html]
[www.cdc.gov/ncezid/dgmq/feature-stories/africa-amid-pandemic.html]
[www.cdc.gov/ncezid/dgmq/feature-stories/bhs-colombia.html]
[www.cdc.gov/ncezid/dgmq/feature-stories/long-road-to-america.html]
[www.cdc.gov/ncezid/dgmq/feature-stories/operation-dog-catcher.html]
[www.cdc.gov/ncezid/dgmq/index.html]
[www.cdc.gov/ncezid/dhqp/index.html]
[www.cdc.gov/ncezid/dgmq/feature-stories/quarantine-stations-arrivals.html]
[www.cdc.gov/ncezid/dpei/eip/index-2.html]
[www.cdc.gov/ncezid/dhcpp/about.html]
[www.cdc.gov/ncezid/dhcpp/prion_public/index.html]
[www.cdc.gov/ncezid/dhcpp/chronic_viral/index.html]
[www.cdc.gov/ncezid/dhcpp/office_director/index.html]
[www.cdc.gov/ncezid/dhcpp/diseases-specialty-areas.html]
[www.cdc.gov/ncezid/dw-index.html]
[www.cdc.gov/ncezid/dhcpp/bacterial_special/labsubmission.html]
[www.cdc.gov/ncezid/dhcpp/bacterial_special/special_lab.html]
[www.cdc.gov/ncezid/dhcpp/bacterial_special/zoonoses_lab.html]
[www.cdc.gov/ncezid/dhcpp/vspb/diseases.html]
[www.cdc.gov/ncezid/dhcpp/vspb/specimens.html]
[www.cdc.gov/ncezid/dhcpp/index.html]
[www.cdc.gov/ncezid/dpei/index.html]
[www.cdc.gov/ncezid/dhcpp/vspb/resources.html]
[www.cdc.gov/ncezid/dsr/mission-statement.html]
[www.cdc.gov/ncezid/dsr/office-director.html]
[www.cdc.gov/ncezid/dsr/comparative-medicine-branch.html]
[www.cdc.gov/ncezid/dsr/index.html]
[www.cdc.gov/ncezid/dsr/reagent-and-diagnostic-services-branch.html]
[www.cdc.gov/ncezid/dvbd/specimensub/arc/index.html]
[www.cdc.gov/ncezid/dvbd/coevbd/index.html]
[www.cdc.gov/ncezid/dvbd/a-z-index.html]
[www.cdc.gov/ncezid/dvbd/what-how/index.html]
[www.cdc.gov/ncezid/dvbd/media/index.html]
[www.cdc.gov/ncezid/dvbd/about/prepare-nation.html]
[www.cdc.gov/ncezid/dvbd/specimensub/index.html]
[www.cdc.gov/ncezid/dvbd/media/fight-the-bite.html]
[www.cdc.gov/ncezid/dvbd/phefa/index.html]
[www.cdc.gov/ncezid/dvbd/media/social-media-toolkit.html]
[www.cdc.gov/ncezid/dvbd/about/prepare-nation/elc.html]
[www.cdc.gov/ncezid/dvbd/about/prepare-nation/elc/program-h.html]
[www.cdc.gov/ncezid/dvbd/phefa/intern-fellow.html]
[www.cdc.gov/ncezid/dvbd/phefa/meet-interns-fellows.html]
[www.cdc.gov/ncezid/dvbd/about/staff.html]
[www.cdc.gov/ncezid/dvbd/what-how/detect-prevent.html]
[www.cdc.gov/ncezid/dvbd/what-how/diagnostics.html]
[www.cdc.gov/ncezid/dvbd/what-how/discover.html]
[www.cdc.gov/ncezid/dvbd/what-how/respond.html]
[www.cdc.gov/ncezid/dvbd/what-how/funding.html]
[www.cdc.gov/ncezid/dvbd/specimensub/arboviral-shipping.html]
[www.cdc.gov/ncezid/dvbd/specimensub/bacterial-zoonotic-shipping.html]
[www.cdc.gov/ncezid/dvbd/specimensub/dengue-shipping.html]
[www.cdc.gov/ncezid/dvbd/specimensub/dengue-shipping-espanol.html]
[www.cdc.gov/ncezid/dvbd/specimensub/rickettsial-shipping.html]
[www.cdc.gov/ncezid/dvbd/specimensub/arc/collection_maintenance.html]
[www.cdc.gov/ncezid/dvbd/specimensub/arc/contributions.html]
[www.cdc.gov/ncezid/dvbd/specimensub/arc/solutions.html]
[www.cdc.gov/ncezid/dvbd/specimensub/arc/whats-in-the-collection.html]
[www.cdc.gov/ncezid/dvbd/specimensub/hemolysis-palette.html]
[www.cdc.gov/ncezid/dvbd/media/dpk-denguevaccine.html]
[www.cdc.gov/ncezid/dvbd/media/lyme-tickborne-diseases-increasing.html]
[www.cdc.gov/ncezid/dvbd/media/ehrlichiosis-anaplasmosis/index.html]
[www.cdc.gov/ncezid/dvbd/media/mosquito-borne-diseases/mosquito-bites-everyone-is-at-risk.html]
[www.cdc.gov/ncezid/dvbd/index.html]
[www.cdc.gov/ncezid/dvbd/about/prepare-nation/coe.html]
[www.cdc.gov/ncezid/who-we-are/ncezid-divisions/dpei.html]
[www.cdc.gov/ncezid/who-we-are/ncezid-divisions/dsr.html]
[www.cdc.gov/ncezid/who-we-are/ncezid-divisions/dgmq.html]
[www.cdc.gov/ncezid/multimedia/infographics.html]
[www.cdc.gov/ncezid/multimedia/wcms-inc/localundernav_tp4864e.html]
[www.cdc.gov/ncezid/who-we-are/wcms-inc/localundernav_tp4864e.html]
[www.cdc.gov/ncezid/dvbd/bourbon/index.html]
[www.cdc.gov/ncezid/whats-new/wcms-inc/localundernav_tp4864e.html]
[www.cdc.gov/ncezid/dfwed/outbreak-response/rep-strains01b2.html]
[www.cdc.gov/ncezid/dfwed/BEAM-dashboard01b2.html]
[www.cdc.gov/ncezid/dfwed/BEAM-FAQ01b2.html]
[www.cdc.gov/ncezid/dpei/elc/covid-response/index.html]
[www.cdc.gov/ncezid/dpei/epidemiology-laboratory-capacity.html]
[www.cdc.gov/ncezid/what-we-do/climate-change-and-infectious-diseases/index796f.html]
[www.cdc.gov/ncezid/dvbd/media/dpk-nootkatone.html]
[www.cdc.gov/ncezid/dpei/hemu/phl-impact.html]
[www.cdc.gov/ncezid/dvbd/stories/spotlight.html]
[www.cdc.gov/ncezid/dpei/elc/history/elc-awards-by-grantee-2020.html]
[www.cdc.gov/ncezid/dpei/aip/index.html]
[www.cdc.gov/ncezid/dvbd/about/org-dvbd.html]
[www.cdc.gov/ncezid/dvbd/about.html]
[www.cdc.gov/ncezid/what-we-do/wcms-inc/localrelatedmodule-govd_tp4115a.html]
[www.cdc.gov/ncezid/dfwed/prevention-priorities/index.html]
[www.cdc.gov/ncezid/dvbd/framework.html]
[www.cdc.gov/ncezid/dfwed/food-safety-office/cifor.html]
[www.cdc.gov/ncezid/dpei/elc/history/elc-awards-by-grantee-2019.html]
[www.cdc.gov/ncezid/dpei/aip/index-2.html]
[www.cdc.gov/ncezid/dfwed/keyprograms/tracking-foodborne-illness-wgs.html]
[www.cdc.gov/ncezid/dfwed/stories/fighting-cholera-cameroon.html]
[www.cdc.gov/ncezid/dhcpp/infectious_disease/index.html]
[www.cdc.gov/ncezid/dfwed/orpb/ort.html]
[www.cdc.gov/ncezid/dhcpp/poxvirus_rabies/index.html]
[www.cdc.gov/ncezid/dhcpp/featured_stories/cowpox.html]
[www.cdc.gov/ncezid/stories-features/related-blog-posts.html]
[www.cdc.gov/ncezid/dgmq/wcms-inc/localgovdelivery_tp4864e.html]
[www.cdc.gov/ncezid/dgmq/laws-and-regulations.html]
[www.cdc.gov/ncezid/dhcpp/index-2.html]
[www.cdc.gov/ncezid/dfwed/stories/protecting-children-ecoli.html]
[www.cdc.gov/ncezid/dfwed/stories/utah-ecoli-epi-aid.html]
[www.cdc.gov/ncezid/dfwed/stories/ohio-botulism.html]
[www.cdc.gov/ncezid/dhcpp/idpb/specimen-submission/index.html]
[www.cdc.gov/ncezid/dhcpp/idpb/at-work/index.html]
[www.cdc.gov/ncezid/dhcpp/idpb/at-work/contributions.html]
[www.cdc.gov/ncezid/dhcpp/idpb/at-work/h1n1.html]
[www.cdc.gov/ncezid/dhcpp/idpb/at-work/rabies.html]
[www.cdc.gov/ncezid/dhcpp/idpb/at-work/sars.html]
[www.cdc.gov/ncezid/dhcpp/idpb/at-work/anthrax.html]
[www.cdc.gov/ncezid/dhcpp/idpb/at-work/enterovirus71.html]
[www.cdc.gov/ncezid/dhcpp/idpb/at-work/hps.html]
[www.cdc.gov/ncezid/dhcpp/idpb/diagnostic-techniques/index.html]
[www.cdc.gov/ncezid/dhcpp/idpb/unexplained-deaths/index-2.html]
[www.cdc.gov/ncezid/dhcpp/idpb/specimen-submission/specimen-collection.html]
[www.cdc.gov/ncezid/dhcpp/idpb/publications/index.html]
[www.cdc.gov/ncezid/dhcpp/branches-and-offices.html]
[www.cdc.gov/ncezid/dhcpp/idpb/epathology/index.html]
[www.cdc.gov/ncezid/dhcpp/vspb/index.html]
[www.cdc.gov/ncezid/dhcpp/bacterial_special/index.html]
[www.cdc.gov/ncezid/dsr/biotechnology-core-facility-branch.html]
[www.cdc.gov/ncezid/dfwed/mycotics/index.html]
[www.cdc.gov/ncezid/dfwed/waterborne/lab/index.html]
[www.cdc.gov/ncezid/what-we-do/partnership-in-action/improving-american-indian-health.html]
[www.cdc.gov/ncezid/dvbd/index-2.html]
[www.cdc.gov/ncezid/who-we-are/ncezid-divisions/oamd.html]
[www.cdc.gov/ncezid/what-we-do/2022-highlights/outbreaks.html]
[www.cdc.gov/ncezid/dvbd/stories/partnerships.html]
[www.cdc.gov/ncezid/what-we-do/2021-highlights/foodborne-disease.html]
[www.cdc.gov/ncezid/dhcpp/idpb/unexplained-deaths/index.html]
[www.cdc.gov/ncezid/dhcpp/idpb/index.html]
[www.cdc.gov/ncezid/dhcpp/hcl-50/high-containment-laboratories.html]
[www.cdc.gov/ncezid/stories-features/wcms-inc/localundernav_tp4864e.html]
[www.cdc.gov/ncezid/dhcpp/vspb/index-2.html]
[www.cdc.gov/ncezid/who-we-are/org-ncezid-text.html]
[www.cdc.gov/ncezid/dpei/eip/eip-sites.html]
[www.cdc.gov/ncezid/dpei/eip/eip-network-activities.html]
[www.cdc.gov/ncezid/dpei/office-of-the-director.html]
[www.cdc.gov/ncezid/dpei/aip/about.html]
[www.cdc.gov/ncezid/dpei/aip/organization.html]
[www.cdc.gov/ncezid/dpei/aip/history.html]
[www.cdc.gov/ncezid/dpei/aip/improving-health-for-alaska-residents.html]
[www.cdc.gov/ncezid/dpei/aip/priority-areas.html]
[www.cdc.gov/ncezid/dpei/aip/surveillance-in-alaska.html]
[www.cdc.gov/ncezid/dpei/aip/eliminating-health-disparities.html]
[www.cdc.gov/ncezid/dpei/aip/dental-caries.html]
[www.cdc.gov/ncezid/dpei/aip/emerging-infectious-diseases.html]
[www.cdc.gov/ncezid/dpei/aip/preparedness-response.html]
[www.cdc.gov/ncezid/dpei/aip/circumpolar-health.html]
[www.cdc.gov/ncezid/dpei/aip/water-sanitation.html]
[www.cdc.gov/ncezid/dpei/aip/reports/group-a-streptococcus-2015.html]
[www.cdc.gov/ncezid/dpei/aip/reports/group-a-streptococcus-2014.html]
[www.cdc.gov/ncezid/dpei/aip/reports/group-a-streptococcus-2013.html]
[www.cdc.gov/ncezid/dpei/aip/reports/group-b-streptococcus-2015.html]
[www.cdc.gov/ncezid/dpei/aip/reports/group-b-streptococcus-2014.html]
[www.cdc.gov/ncezid/dpei/aip/reports/group-b-streptococcus-2013.html]
[www.cdc.gov/ncezid/dpei/aip/reports/hi-2015.html]
[www.cdc.gov/ncezid/dpei/aip/reports/hi-2014.html]
[www.cdc.gov/ncezid/dpei/aip/reports/hi-2013.html]
[www.cdc.gov/ncezid/dpei/aip/reports/nm-2015.html]
[www.cdc.gov/ncezid/dpei/aip/reports/nm-2014.html]
[www.cdc.gov/ncezid/dpei/aip/reports/nm-2013.html]
[www.cdc.gov/ncezid/dpei/aip/reports/sp-2015.html]
[www.cdc.gov/ncezid/dpei/aip/reports/sp-2014.html]
[www.cdc.gov/ncezid/dpei/aip/reports/index.html]
[www.cdc.gov/ncezid/dpei/hemu/index.html]
[www.cdc.gov/ncezid/dpei/hemu/focus-health-impact.html]
[www.cdc.gov/ncezid/dpei/hemu/projects.html]
[www.cdc.gov/ncezid/dpei/aip/reports/sp-2013.html]
[www.cdc.gov/ncezid/dpei/hemu/published-models-tools.html]
[www.cdc.gov/ncezid/dpei/hemu/resources.html]
[www.cdc.gov/ncezid/about-ncezid.html]
[www.cdc.gov/ncezid/director-ncezid.html]
[www.cdc.gov/ncezid/org-ncezid.html]
[www.cdc.gov/ncezid/dfwed/outbreak-response/rep-strains.html]
[www.cdc.gov/ncezid/dfwed/BEAM-dashboard.html]
[www.cdc.gov/ncezid/dfwed/multimedia.html]
[www.cdc.gov/ncezid/dfwed/about.html]
[www.cdc.gov/ncezid/dfwed/keyprograms/outbreak-response.html]
[www.cdc.gov/ncezid/dfwed/keyprograms/antibiotic-and-antifungal-resistance.html]
[www.cdc.gov/ncezid/dfwed/keyprograms/index.html]
[www.cdc.gov/ncezid/dfwed/keyprograms/pulsenet-salmonella-isolates-quarterly-report.html]
[www.cdc.gov/ncezid/dfwed/keyprograms/surveillance.html]
[www.cdc.gov/ncezid/dfwed/international/globalwork.html]
[www.cdc.gov/ncezid/dfwed/waterborne/investigations.html]
[www.cdc.gov/ncezid/dfwed/outbreak-response/index.html]
[www.cdc.gov/ncezid/dfwed/a-z.html]
[www.cdc.gov/ncezid/dfwed/dfwed-leadership.html]
[www.cdc.gov/ncezid/dfwed/edeb/index.html]
[www.cdc.gov/ncezid/dfwed/edlb/index.html]
[www.cdc.gov/ncezid/dfwed/diseases/brainerd-diarrhea/index.html]
[www.cdc.gov/ncezid/dfwed/edlb/edlb-lab-submission.html]
[www.cdc.gov/ncezid/dfwed/food-safety-office/index.html]
[www.cdc.gov/ncezid/dfwed/international/gfin.html]
[www.cdc.gov/ncezid/dfwed/international/enteric-diseases-toolkit.html]
[www.cdc.gov/ncezid/dfwed/international/global-diarrhea-health-gadd.html]
[www.cdc.gov/ncezid/dfwed/international/global-networks-make-food-safer.html]
[www.cdc.gov/ncezid/dfwed/orpb/index.html]
[www.cdc.gov/ncezid/dfwed/waterborne/domestic.html]
[www.cdc.gov/ncezid/dfwed/waterborne/global.html]
[www.cdc.gov/ncezid/dfwed/waterborne/communication.html]
[www.cdc.gov/ncezid/dfwed/waterborne/index.html]
[www.cdc.gov/ncezid/dfwed/keyprograms/antimicrobial-resistance.html]
[www.cdc.gov/ncezid/dfwed/keyprograms/public-health.html]
[www.cdc.gov/ncezid/dfwed/outbreak-response/rep-strains/repjjp01.html]
[www.cdc.gov/ncezid/dfwed/outbreak-response/rep-strains/reptdk01.html]
[www.cdc.gov/ncezid/dfwed/outbreak-response/rep-strains/repjfx01.html]
[www.cdc.gov/ncezid/dfwed/outbreak-response/rep-strains/repexh01.html]
[www.cdc.gov/ncezid/dfwed/BEAM-FAQ.html]
[www.cdc.gov/ncezid/dfwed/prevention-priorities/mahc.html]
[www.cdc.gov/ncezid/dfwed/prevention-priorities/aspergillosis-and-triazoles.html]
[www.cdc.gov/ncezid/dfwed/prevention-priorities/cholera.html]
[www.cdc.gov/ncezid/dfwed/prevention-priorities/salmonella-and-chicken.html]
[www.cdc.gov/ncezid/dfwed/prevention-priorities/salmonella-and-ground-beef.html]
[www.cdc.gov/ncezid/dfwed/prevention-priorities/ecoli-and-leafy-greens.html]
[www.cdc.gov/ncezid/dfwed/prevention-priorities/vibriosis-and-shellfish.html]
[www.cdc.gov/ncezid/dfwed/prevention-priorities/correctional-facilities.html]
[www.cdc.gov/ncezid/dgmq/how-we-serve.html]
[www.cdc.gov/ncezid/dgmq/focus-areas/imrh.html]
[www.cdc.gov/ncezid/dgmq/who-we-are.html]
[www.cdc.gov/ncezid/dgmq/irmh-fact-sheet.html]
[www.cdc.gov/ncezid/dgmq/who-we-serve.html]
[www.cdc.gov/ncezid/dgmq/stories.html]
[www.cdc.gov/ncezid/dgmq/why-the-work-matters.html]
[www.cdc.gov/ncezid/dgmq/emergency-response.html]
[www.cdc.gov/ncezid/dgmq/office-of-director.html]
[www.cdc.gov/ncezid/dgmq/feature-stories/refugee-health.html]
[www.cdc.gov/ncezid/dgmq/focus-areas/irmh.html]
[www.cdc.gov/ncezid/dgmq/focus-areas/quarantine.html]
[www.cdc.gov/ncezid/dgmq/focus-areas/travelers-health.html]
[www.cdc.gov/ncezid/dgmq/focus-areas/usmh.html]
[www.cdc.gov/ncezid/dgmq/feature-stories/africa-amid-pandemic.html]
[www.cdc.gov/ncezid/dgmq/feature-stories/bhs-colombia.html]
[www.cdc.gov/ncezid/dgmq/esp/unidad-estados-unidos-mexico.html]
[www.cdc.gov/ncezid/dgmq/feature-stories/dadaab.html]
[www.cdc.gov/ncezid/dgmq/afp-fact-sheet.html]
[www.cdc.gov/ncezid/dgmq/feature-stories/long-road-to-america.html]
[www.cdc.gov/ncezid/dgmq/feature-stories/operation-dog-catcher.html]
[www.cdc.gov/ncezid/dgmq/feature-stories/quarantine-stations-arrivals.html]
[www.cdc.gov/ncezid/dpei/eip/index-2.html]
[www.cdc.gov/ncezid/dgmq/feature-stories/esp/operation-dog-catcher.html]
[www.cdc.gov/ncezid/dhcpp/about.html]
[www.cdc.gov/ncezid/dhcpp/prion_public/index.html]
[www.cdc.gov/ncezid/dhcpp/chronic_viral/index.html]
[www.cdc.gov/ncezid/dhcpp/office_director/index.html]
[www.cdc.gov/ncezid/dhcpp/diseases-specialty-areas.html]
[www.cdc.gov/ncezid/dw-index.html]
[www.cdc.gov/ncezid/dhcpp/bacterial_special/labsubmission.html]
[www.cdc.gov/ncezid/dhcpp/bacterial_special/special_lab.html]
[www.cdc.gov/ncezid/dhcpp/bacterial_special/zoonoses_lab.html]
[www.cdc.gov/ncezid/dhcpp/vspb/diseases.html]
[www.cdc.gov/ncezid/dhcpp/vspb/specimens.html]
[www.cdc.gov/ncezid/dhcpp/vspb/resources.html]
[www.cdc.gov/ncezid/dsr/mission-statement.html]
[www.cdc.gov/ncezid/dsr/office-director.html]
[www.cdc.gov/ncezid/dsr/comparative-medicine-branch.html]
[www.cdc.gov/ncezid/dsr/reagent-and-diagnostic-services-branch.html]
[www.cdc.gov/ncezid/dvbd/specimensub/arc/index.html]
[www.cdc.gov/ncezid/dvbd/coevbd/index.html]
[www.cdc.gov/ncezid/dgmq/index-2.html]
[www.cdc.gov/ncezid/dvbd/about/prevent-bites.html]
[www.cdc.gov/ncezid/dvbd/a-z-index.html]
[www.cdc.gov/ncezid/dvbd/what-how/index.html]
[www.cdc.gov/ncezid/dvbd/es/media/index.html]
[www.cdc.gov/ncezid/dvbd/es/media/mosquitos/mosquito-dpk-es.html]
[www.cdc.gov/ncezid/dvbd/media/ehrlichiosis-anaplasmosis/index-2.html]
[www.cdc.gov/ncezid/dvbd/media/learn-about-zika.html]
[www.cdc.gov/ncezid/dvbd/media/avoid-dengue.html]
[www.cdc.gov/ncezid/dvbd/media/dengue-vaccine.html]
[www.cdc.gov/ncezid/dvbd/media/lymedisease.html]
[www.cdc.gov/ncezid/dvbd/media/stopmosquitoes.html]
[www.cdc.gov/ncezid/dvbd/media/rmsf.html]
[www.cdc.gov/ncezid/dvbd/media/stopticks.html]
[www.cdc.gov/ncezid/dvbd/media/hunting-season-ticks.html]
[www.cdc.gov/ncezid/dvbd/media/index.html]
[www.cdc.gov/ncezid/dvbd/about/prepare-nation.html]
[www.cdc.gov/ncezid/dvbd/specimensub/index.html]
[www.cdc.gov/ncezid/dvbd/media/fight-the-bite.html]
[www.cdc.gov/ncezid/dvbd/phefa/index.html]
[www.cdc.gov/ncezid/dvbd/media/social-media-toolkit.html]
[www.cdc.gov/ncezid/dvbd/about/prepare-nation/elc.html]
[www.cdc.gov/ncezid/dvbd/media/westnilevirus.html]
[www.cdc.gov/ncezid/dpei/elc/history-of-elc.html]
[www.cdc.gov/ncezid/dvbd/about/prepare-nation/elc/program-h.html]
[www.cdc.gov/ncezid/dvbd/phefa/intern-fellow.html]
[www.cdc.gov/ncezid/dvbd/phefa/meet-interns-fellows.html]
[www.cdc.gov/ncezid/dvbd/about/staff.html]
[www.cdc.gov/ncezid/dvbd/what-how/detect-prevent.html]
[www.cdc.gov/ncezid/dvbd/what-how/diagnostics.html]
[www.cdc.gov/ncezid/dvbd/what-how/discover.html]
[www.cdc.gov/ncezid/dvbd/what-how/respond.html]
[www.cdc.gov/ncezid/dvbd/what-how/funding.html]
[www.cdc.gov/ncezid/dvbd/specimensub/arboviral-shipping.html]
[www.cdc.gov/ncezid/dvbd/specimensub/bacterial-zoonotic-shipping.html]
[www.cdc.gov/ncezid/dvbd/specimensub/dengue-shipping.html]
[www.cdc.gov/ncezid/dvbd/specimensub/dengue-shipping-espanol.html]
[www.cdc.gov/ncezid/dvbd/specimensub/rickettsial-shipping.html]
[www.cdc.gov/ncezid/dvbd/specimensub/arc/collection_maintenance.html]
[www.cdc.gov/ncezid/dvbd/specimensub/arc/contributions.html]
[www.cdc.gov/ncezid/dvbd/specimensub/arc/solutions.html]
[www.cdc.gov/ncezid/dvbd/specimensub/arc/whats-in-the-collection.html]
[www.cdc.gov/ncezid/dvbd/specimensub/hemolysis-palette.html]
[www.cdc.gov/ncezid/dvbd/es/media/dpk-denguevaccine.html]
[www.cdc.gov/ncezid/dvbd/media/dpk-denguevaccine.html]
[www.cdc.gov/ncezid/dvbd/media/spokesperson/paz-bailey.html]
[www.cdc.gov/ncezid/dvbd/media/spokesperson/mead.html]
[www.cdc.gov/ncezid/dvbd/media/spokesperson/petersen.html]
[www.cdc.gov/ncezid/dvbd/media/lyme-tickborne-diseases-increasing.html]
[www.cdc.gov/ncezid/dvbd/media/ehrlichiosis-anaplasmosis/index.html]
[www.cdc.gov/ncezid/dvbd/media/spokesperson/kersh.html]
[www.cdc.gov/ncezid/dvbd/media/spokesperson/connelly.html]
[www.cdc.gov/ncezid/dvbd/media/mosquito-borne-diseases/mosquito-bites-everyone-is-at-risk.html]
[www.cdc.gov/ncezid/dvbd/media/spokesperson/nett.html]
[www.cdc.gov/ncezid/dvbd/media/dpk-nootkatone.html]
[www.cdc.gov/ncezid/dvbd/about/org-dvbd.html]
[www.cdc.gov/ncezid/dgmq/wcms-inc/localgovdelivery_tp4864e.html]
[www.cdc.gov/ncezid/dvbd/media/dpk-nootkatone/sme-bio-cbeard.html]
[www.cdc.gov/ncezid/dhcpp/idpb/specimen-submission/cns.html]
[www.cdc.gov/ncezid/dhcpp/idpb/specimen-submission/influenza.html]
[www.cdc.gov/ncezid/dhcpp/idpb/specimen-submission/myocarditis.html]
[www.cdc.gov/ncezid/dhcpp/idpb/specimen-submission/pneumonia.html]
[www.cdc.gov/ncezid/dhcpp/idpb/specimen-submission/rash-eschar.html]
[www.cdc.gov/ncezid/dhcpp/idpb/specimen-submission/hepatitis.html]
[www.cdc.gov/ncezid/dhcpp/idpb/specimen-submission/suid.html]
[www.cdc.gov/ncezid/dhcpp/idpb/specimen-submission/general-unexplained.html]
[www.cdc.gov/ncezid/dhcpp/idpb/specimen-submission/mycobacterium.html]
[www.cdc.gov/ncezid/dhcpp/idpb/specimen-submission/index.html]
[www.cdc.gov/ncezid/dhcpp/idpb/at-work/index.html]
[www.cdc.gov/ncezid/dhcpp/idpb/at-work/contributions.html]
[www.cdc.gov/ncezid/dhcpp/idpb/at-work/h1n1.html]
[www.cdc.gov/ncezid/dhcpp/idpb/at-work/rabies.html]
[www.cdc.gov/ncezid/dhcpp/idpb/at-work/sars.html]
[www.cdc.gov/ncezid/dhcpp/idpb/at-work/anthrax.html]
[www.cdc.gov/ncezid/dhcpp/idpb/at-work/enterovirus71.html]
[www.cdc.gov/ncezid/dhcpp/idpb/at-work/hps.html]
[www.cdc.gov/ncezid/dhcpp/idpb/diagnostic-techniques/index.html]
[www.cdc.gov/ncezid/dhcpp/idpb/unexplained-deaths/index-2.html]
[www.cdc.gov/ncezid/dhcpp/idpb/specimen-submission/specimen-collection.html]
[www.cdc.gov/ncezid/dhcpp/idpb/publications/index.html]
[www.cdc.gov/ncezid/dhcpp/branches-and-offices.html]
[www.cdc.gov/ncezid/dhcpp/idpb/specimen-submission/international-unexplained.html]
[www.cdc.gov/ncezid/dpei/aip/reports/group-a-streptococcus-2015.html]
[www.cdc.gov/ncezid/dpei/aip/reports/group-a-streptococcus-2014.html]
[www.cdc.gov/ncezid/dpei/aip/reports/group-a-streptococcus-2013.html]
[www.cdc.gov/ncezid/dpei/aip/reports/group-b-streptococcus-2015.html]
[www.cdc.gov/ncezid/dpei/aip/reports/group-b-streptococcus-2014.html]
[www.cdc.gov/ncezid/dpei/aip/reports/group-b-streptococcus-2013.html]
[www.cdc.gov/ncezid/dpei/aip/reports/hi-2015.html]
[www.cdc.gov/ncezid/dpei/aip/reports/hi-2014.html]
[www.cdc.gov/ncezid/dpei/aip/reports/hi-2013.html]
[www.cdc.gov/ncezid/dpei/aip/reports/nm-2015.html]
[www.cdc.gov/ncezid/dpei/aip/reports/nm-2014.html]
[www.cdc.gov/ncezid/dpei/aip/reports/nm-2013.html]
[www.cdc.gov/ncezid/dpei/aip/reports/sp-2015.html]
[www.cdc.gov/ncezid/dpei/aip/reports/sp-2014.html]
[www.cdc.gov/ncezid/dpei/aip/reports/sp-2013.html]
[www.cdc.gov/ncezid/dfwed/multimedia.html]
[www.cdc.gov/ncezid/dfwed/keyprograms/outbreak-response.html]
[www.cdc.gov/ncezid/dfwed/keyprograms/antibiotic-and-antifungal-resistance.html]
[www.cdc.gov/ncezid/dfwed/keyprograms/pulsenet-salmonella-isolates-quarterly-report.html]
[www.cdc.gov/ncezid/dfwed/waterborne/investigations.html]
[www.cdc.gov/ncezid/dfwed/diseases/brainerd-diarrhea/index.html]
[www.cdc.gov/ncezid/dfwed/waterborne/domestic.html]
[www.cdc.gov/ncezid/dfwed/waterborne/global.html]
[www.cdc.gov/ncezid/dfwed/waterborne/communication.html]
[www.cdc.gov/ncezid/dfwed/diseases/brainerd-diarrhea/index-2.html]
[www.cdc.gov/ncezid/dgmq/focus-areas/imrh.html]
[www.cdc.gov/ncezid/dgmq/irmh-fact-sheet.html]
[www.cdc.gov/ncezid/dgmq/feature-stories/refugee-health.html]
[www.cdc.gov/ncezid/dgmq/esp/unidad-estados-unidos-mexico.html]
[www.cdc.gov/ncezid/dgmq/feature-stories/dadaab.html]
[www.cdc.gov/ncezid/dgmq/afp-fact-sheet.html]
[www.cdc.gov/ncezid/dgmq/feature-stories/esp/operation-dog-catcher.html]
[www.cdc.gov/ncezid/dgmq/index-2.html]
[www.cdc.gov/ncezid/dvbd/about/prevent-bites.html]
[www.cdc.gov/ncezid/dvbd/es/media/detenga-las-garrapatas/index.html]
[www.cdc.gov/ncezid/dvbd/es/media/stopmosquitoes.html]
[www.cdc.gov/ncezid/dvbd/es/media/avoid-dengue.html]
[www.cdc.gov/ncezid/dvbd/es/media/dengue-vaccine.html]
[www.cdc.gov/ncezid/dvbd/es/media/westnilevirus.html]
[www.cdc.gov/ncezid/dvbd/es/media/index.html]
[www.cdc.gov/ncezid/dvbd/media/ehrlichiosis-anaplasmosis/index-2.html]
[www.cdc.gov/ncezid/dvbd/es/media/prevenga-la-enfermedad-de-lyme/index.html]
[www.cdc.gov/ncezid/dvbd/es/media/spokesperson/connelly.html]
[www.cdc.gov/ncezid/dvbd/es/media/spokesperson/petersen.html]
[www.cdc.gov/ncezid/dvbd/es/media/spokesperson/nett.html]
[www.cdc.gov/ncezid/dvbd/es/media/mosquitos/mosquito-dpk-es.html]
[www.cdc.gov/ncezid/dvbd/media/learn-about-zika.html]
[www.cdc.gov/ncezid/dvbd/media/avoid-dengue.html]
[www.cdc.gov/ncezid/dvbd/media/dengue-vaccine.html]
[www.cdc.gov/ncezid/dvbd/media/lymedisease.html]
[www.cdc.gov/ncezid/dvbd/media/stopmosquitoes.html]
[www.cdc.gov/ncezid/dvbd/media/rmsf.html]
[www.cdc.gov/ncezid/dvbd/media/stopticks.html]
[www.cdc.gov/ncezid/dvbd/media/hunting-season-ticks.html]
[www.cdc.gov/ncezid/dvbd/media/westnilevirus.html]
[www.cdc.gov/ncezid/dpei/elc/history-of-elc.html]
[www.cdc.gov/ncezid/dvbd/es/media/dpk-denguevaccine.html]
[www.cdc.gov/ncezid/dvbd/media/spokesperson/paz-bailey.html]
[www.cdc.gov/ncezid/dvbd/media/spokesperson/mead.html]
[www.cdc.gov/ncezid/dvbd/media/spokesperson/petersen.html]
[www.cdc.gov/ncezid/dvbd/media/spokesperson/kersh.html]
[www.cdc.gov/ncezid/dvbd/media/spokesperson/connelly.html]
[www.cdc.gov/ncezid/dvbd/media/spokesperson/nett.html]
[www.cdc.gov/ncezid/dvbd/media/dpk-nootkatone/sme-bio-cbeard.html]
[www.cdc.gov/ncezid/videos/23-337170/DVBD-NOFO-webinar-low-res.mp4]
[www.cdc.gov/ncezid/videos/funding/CK22-2203-Webinar-LowResolution.mp4]
[www.cdc.gov/ncezid/dhcpp/idpb/specimen-submission/cns.html]
[www.cdc.gov/ncezid/dhcpp/idpb/specimen-submission/influenza.html]
[www.cdc.gov/ncezid/dhcpp/idpb/specimen-submission/myocarditis.html]
[www.cdc.gov/ncezid/dhcpp/idpb/specimen-submission/pneumonia.html]
[www.cdc.gov/ncezid/dhcpp/idpb/specimen-submission/rash-eschar.html]
[www.cdc.gov/ncezid/dvbd/es/media/spokesperson/paz-bailey.html]
[www.cdc.gov/ncezid/dhcpp/idpb/specimen-submission/hepatitis.html]
[www.cdc.gov/ncezid/dhcpp/idpb/specimen-submission/suid.html]
[www.cdc.gov/ncezid/dhcpp/idpb/specimen-submission/general-unexplained.html]
[www.cdc.gov/ncezid/dhcpp/idpb/specimen-submission/mycobacterium.html]
[www.cdc.gov/ncezid/dhcpp/idpb/specimen-submission/international-unexplained.html]
[www.cdc.gov/ncezid/videos/accomplishments/2022-quarantine-stations.mp4]
[www.cdc.gov/ncezid/videos/accomplishments/amd-high-res-video.mp4]
[www.cdc.gov/ncezid/videos/accomplishments/2022-ar-video.mp4]
[www.cdc.gov/ncezid/videos/accomplishments/2022-healthcare-safety-video.mp4]
[www.cdc.gov/ncezid/dfwed/diseases/brainerd-diarrhea/index-2.html]
[www.cdc.gov/ncezid/dgmq/video/dgmq-critical-areas-sd.mp4]
[www.cdc.gov/ncezid/dvbd/es/media/detenga-las-garrapatas/index.html]
[www.cdc.gov/ncezid/dvbd/es/media/stopmosquitoes.html]
[www.cdc.gov/ncezid/dvbd/es/media/avoid-dengue.html]
[www.cdc.gov/ncezid/dvbd/es/media/dengue-vaccine.html]
[www.cdc.gov/ncezid/dvbd/es/media/westnilevirus.html]
[www.cdc.gov/ncezid/dvbd/es/media/prevenga-la-enfermedad-de-lyme/index.html]
[www.cdc.gov/ncezid/dvbd/es/media/spokesperson/connelly.html]
[www.cdc.gov/ncezid/dvbd/es/media/spokesperson/petersen.html]
[www.cdc.gov/ncezid/dvbd/es/media/spokesperson/nett.html]
[www.cdc.gov/ncezid/dvbd/es/media/spokesperson/paz-bailey.html]
[www.cdc.gov/ncezid/dpei/xls/phl-impact-tools.xlsm]
[www.cdc.gov/ncezid/dpei/pdf/phl-impact-DRAFT-report-template.docx]
[www.cdc.gov/ncezid/dpei/resources/YK_Delta_Final_Draft.xlsx]
[www.cdc.gov/ncezid/dpei/resources/covid-tracer-Advanced-Special-edition.xlsm]
[www.cdc.gov/ncezid/dfwed/outbreak-response/files/REPJJP01-when-people-got-sick.xlsx]
[www.cdc.gov/ncezid/dfwed/outbreak-response/files/REPJJP01-where-sick-people-live.xlsx]
[www.cdc.gov/ncezid/dfwed/outbreak-response/files/REPJJP01-narms-data.xlsx]
[www.cdc.gov/ncezid/dfwed/outbreak-response/files/REPTDK01-when-people-got-sick.xlsx]
[www.cdc.gov/ncezid/dfwed/outbreak-response/files/REPTDK01-where-sick-people-live.xlsx]
[www.cdc.gov/ncezid/dfwed/outbreak-response/files/REPTDK01-narms-data.xlsx]
[www.cdc.gov/ncezid/dfwed/outbreak-response/files/REPJFX01-human.xlsx]
[www.cdc.gov/ncezid/dfwed/outbreak-response/files/REPJFX01-where-sick-people-live.csv]
[www.cdc.gov/ncezid/dfwed/outbreak-response/files/REPJFX01-nonhuman.xlsx]
[www.cdc.gov/ncezid/dfwed/outbreak-response/files/REPJFX01-narms-data.xlsx]
[www.cdc.gov/ncezid/dfwed/outbreak-response/files/when-people-got-sick.xlsx]
[www.cdc.gov/ncezid/dfwed/outbreak-response/files/where-sick-people-live.xlsx]
[www.cdc.gov/ncezid/dfwed/outbreak-response/files/narms-data.xlsx]
